[reed-chicory-2fpn.squarespace.com/index.html]
[backblue.gif]
[fade.gif]
[index.html]
[images.squarespace-cdn.com/content/5fc680c6d26ff1194f9a8901/1609799004271-VB342LP2JIGLB73ZIEMV/Midwest_CMYK+Coated+copy_katy5d45.png]
[assets.squarespace.com/@sqs/polyfiller/1.2.2/legacy.js]
[use.typekit.net/ik/dqR0XbAs2LjWI8EbJgesUxWJeV30syT3kXt_snqXYgGfe0C2fFHN4UJLFRbh52jhWDjU5ewkFDj3FhJujD8RwhbhwRmyFRwDwynnMKG0jAFu-WsoShFGZAsude80ZkoRdhXCHKoyjamTiY8Djhy8ZYmC-Ao1Oco8if37OcBDOcu8OfG0Scm8ZfuR-]
[assets.squarespace.com/universal/scripts-compressed/extract-css-runtime-13ea7a8552a69cc61c748-min.en-US.js]
[assets.squarespace.com/universal/scripts-compressed/style-loader-runtime-f4be68d7683966c4ea22c-min.en-US.js]
[assets.squarespace.com/@sqs/polyfiller/1.2.2/modern.js]
[assets.squarespace.com/universal/scripts-compressed/cldr-resource-pack-d3d137c2757e894533d46-min.en-US.js]
[assets.squarespace.com/universal/scripts-compressed/common-vendors-stable-58a278523853fad76d822-min.en-US.js]
[assets.squarespace.com/universal/scripts-compressed/extract-css-moment-js-vendor-69a1973260902ba7c9d1d-min.en-US.js]
[assets.squarespace.com/universal/scripts-compressed/moment-js-vendor-9eb6dec99333d7ad8a9d3-min.en-US.js]
[static1.squarespace.com/static/versioned-site-css/618c27607b5c9c3d625a6332/3/5c5a519771c10ba3470d8101/618c27617b5c9c3d625a633f/1193/site.css]
[assets.squarespace.com/universal/scripts-compressed/performance-a352d2bb01b07a1e65146-min.en-US.js]
[images.squarespace-cdn.com/content/v1/5fc680c6d26ff1194f9a8901/1609799004271-VB342LP2JIGLB73ZIEMV/Midwest_CMYK+Coated+copy_katy26f7.png]
[reed-chicory-2fpn.squarespace.com/cart.html]
[assets.squarespace.com/universal/scripts-compressed/common-vendors-d67724443896661f321e1-min.en-US.js]
[reed-chicory-2fpn.squarespace.com/about.html]
[reed-chicory-2fpn.squarespace.com/committee.html]
[reed-chicory-2fpn.squarespace.com/meetings.html]
[reed-chicory-2fpn.squarespace.com/membership.html]
[reed-chicory-2fpn.squarespace.com/events.html]
[assets.squarespace.com/universal/scripts-compressed/common-ac76fbd9f0304b1c1e63a-min.en-US.js]
[reed-chicory-2fpn.squarespace.com/team.html]
[reed-chicory-2fpn.squarespace.com/about-self-determination.html]
[reed-chicory-2fpn.squarespace.com/about-1.html]
[reed-chicory-2fpn.squarespace.com/resources.html]
[reed-chicory-2fpn.squarespace.com/people-first.html]
[reed-chicory-2fpn.squarespace.com/st-louis-arc.html]
[reed-chicory-2fpn.squarespace.com/gateway-coalition.html]
[reed-chicory-2fpn.squarespace.com/umkc-sd-stakeholders.html]
[reed-chicory-2fpn.squarespace.com/open-futures-learning.html]
[reed-chicory-2fpn.squarespace.com/safe-circle-coalition.html]
[reed-chicory-2fpn.squarespace.com/shade.html]
[reed-chicory-2fpn.squarespace.com/programs.html]
[reed-chicory-2fpn.squarespace.com/events-1.html]
[reed-chicory-2fpn.squarespace.com/faq.html]
[images.squarespace-cdn.com/content/v1/618c27607b5c9c3d625a6332/78ac339a-ee98-4ca7-81ac-3c250258dff8/Midwest_White_Cropped.png]
[reed-chicory-2fpn.squarespace.com/index.html]
[assets.squarespace.com/universal/images-v6/damask/error-dark.png]
[assets.squarespace.com/universal/images-v6/damask/error-dark@2x.png]
[assets.squarespace.com/universal/images-v6/damask/play-button.png]
[assets.squarespace.com/universal/images-v6/damask/play-button@2x.png]
[assets.squarespace.com/universal/images-v6/damask/edit-aviary-light.png]
[assets.squarespace.com/universal/images-v6/damask/edit-aviary-light@2x.png]
[assets.squarespace.com/universal/images-v6/damask/edit-info-light.png]
[assets.squarespace.com/universal/images-v6/damask/edit-info-light@2x.png]
[assets.squarespace.com/universal/images-v6/damask/trash-9-light.png]
[assets.squarespace.com/universal/images-v6/damask/trash-9-light@2x.png]
[assets.squarespace.com/universal/images-v6/damask/trash-9-red.png]
[static1.squarespace.com/static/vta/5c5a519771c10ba3470d8101/scripts/site-bundle.9312246c1b2e0ab7fccf15c830eeeb31.js]
[assets.squarespace.com/universal/images-v6/damask/trash-9-red@2x.png]
[assets.squarespace.com/universal/images-v6/damask/getty-16-light.png]
[assets.squarespace.com/universal/images-v6/damask/getty-32-light.png]
[assets.squarespace.com/universal/images-v6/damask/shopping-cart-16-light.png]
[assets.squarespace.com/universal/images-v6/damask/shopping-cart-32-light.png]
[static1.squarespace.com/universal/images-v6/icons/block-indicator-dark.png]
[static1.squarespace.com/universal/images-v6/icons/block-indicator-dark@2x.png]
[static1.squarespace.com/universal/images-v6/icons/opentable-icons.png]
[static1.squarespace.com/universal/images-v6/icons/icon-searchqueries-20-dark.png]
[static1.squarespace.com/universal/images-v6/icons/icon-searchqueries-20-light.png]
[assets.squarespace.com/universal/images-v6/icons/icon-video-24-light-solid.png]
[assets.squarespace.com/universal/images-v6/standard/icon_close_7_light.png]
[assets.squarespace.com/universal/images-v6/icons/icon-settings-16-light.png]
[static1.squarespace.com/static/versioned-site-css/618c27607b5c9c3d625a6332/3/5c5a519771c10ba3470d8101/618c27617b5c9c3d625a633f/1193/site.css]
[assets.squarespace.com/universal/scripts-compressed/style-loader-runtime-5495034f69f92b6ad3137-min.en-US.js]
[static1.squarespace.com/static/versioned-site-css/618c27607b5c9c3d625a6332/3/5c5a519771c10ba3470d8101/618c27617b5c9c3d625a633f/1194/site.css]
[reed-chicory-2fpn.squarespace.com/cart.html]
[reed-chicory-2fpn.squarespace.com/about.html]
[assets.squarespace.com/universal/scripts-compressed/style-loader-runtime-7a14033252634e5c55059-min.en-US.js]
[reed-chicory-2fpn.squarespace.com/membership.html]
[reed-chicory-2fpn.squarespace.com/committee.html]
[reed-chicory-2fpn.squarespace.com/meetings.html]
[reed-chicory-2fpn.squarespace.com/events/event-one-e4t46.html]
[reed-chicory-2fpn.squarespace.com/events/event-one-e4t46d859]
[reed-chicory-2fpn.squarespace.com/events/event-two-pj5ah.html]
[reed-chicory-2fpn.squarespace.com/events/event-two-pj5ahd859]
[assets.squarespace.com/universal/scripts-compressed/common-vendors-e187ec5f83ebf85b3b050-min.en-US.js]
[reed-chicory-2fpn.squarespace.com/events/event-three-6gxj6.html]
[assets.squarespace.com/universal/scripts-compressed/common-b22ac39da1d52b4320832-min.en-US.js]
[reed-chicory-2fpn.squarespace.com/events/event-three-6gxj6d859]
[reed-chicory-2fpn.squarespace.com/events/event-four-ja94g.html]
[reed-chicory-2fpn.squarespace.com/events/event-four-ja94gd859]
[reed-chicory-2fpn.squarespace.com/events/event-five-a26bn.html]
[reed-chicory-2fpn.squarespace.com/events/event-five-a26bnd859]
[reed-chicory-2fpn.squarespace.com/events.html]
[reed-chicory-2fpn.squarespace.com/about-self-determination.html]
[assets.squarespace.com/universal/scripts-compressed/style-loader-runtime-9dc551f0f2ec6a5f525c4-min.en-US.js]
[static1.squarespace.com/static/versioned-site-css/618c27607b5c9c3d625a6332/3/5c5a519771c10ba3470d8101/618c27617b5c9c3d625a633f/1192/site.css]
[reed-chicory-2fpn.squarespace.com/team.html]
[reed-chicory-2fpn.squarespace.com/about-1.html]
[static1.squarespace.com/static/vta/5c5a519771c10ba3470d8101/scripts/site-bundle.ec6ffd856fb2172e07cfc5c20ab86e0a.js]
[images.squarespace-cdn.com/content/v1/618c27607b5c9c3d625a6332/1636575157920-I8I6ZM56J98L9DAJIIPI/Young+men+playing+game.jpg]
[images.squarespace-cdn.com/content/v1/618c27607b5c9c3d625a6332/1636575157925-XDMIHVL3N7SCEX62EZ57/IMG_3180.jpg]
[assets.squarespace.com/universal/scripts-compressed/common-e429e1e5eedc90ea68348-min.en-US.js]
[reed-chicory-2fpn.squarespace.com/resources.html]
[reed-chicory-2fpn.squarespace.com/people-first.html]
[reed-chicory-2fpn.squarespace.com/st-louis-arc.html]
[reed-chicory-2fpn.squarespace.com/gateway-coalition.html]
[reed-chicory-2fpn.squarespace.com/umkc-sd-stakeholders.html]
[reed-chicory-2fpn.squarespace.com/open-futures-learning.html]
[reed-chicory-2fpn.squarespace.com/safe-circle-coalition.html]
[reed-chicory-2fpn.squarespace.com/shade.html]
[images.squarespace-cdn.com/content/v1/618c27607b5c9c3d625a6332/1636575134181-PXTFN2MIQAI4PCQEKU9B/collage.jpg]
[assets.squarespace.com/universal/scripts-compressed/commerce-checkout-f3f891d7b40ff5fa8228a-min.en-US.js]
[images.squarespace-cdn.com/content/v1/618c27607b5c9c3d625a6332/1636575134188-0851WFAMONYTY9MIOOU2/Geographic+Counties+graphic(1).jpg]
[reed-chicory-2fpn.squarespace.com/programs.html]
[reed-chicory-2fpn.squarespace.com/events-1/event-one-mzh3t.html]
[reed-chicory-2fpn.squarespace.com/events-1/event-one-mzh3td859]
[reed-chicory-2fpn.squarespace.com/events-1/event-two-hlbmd.html]
[reed-chicory-2fpn.squarespace.com/events-1/event-two-hlbmdd859]
[reed-chicory-2fpn.squarespace.com/events-1/event-three-4e7bj.html]
[reed-chicory-2fpn.squarespace.com/events-1/event-three-4e7bjd859]
[reed-chicory-2fpn.squarespace.com/events-1/event-four-g9kyn.html]
[reed-chicory-2fpn.squarespace.com/events-1/event-four-g9kynd859]
[reed-chicory-2fpn.squarespace.com/events-1/event-five-4rc7n.html]
[reed-chicory-2fpn.squarespace.com/events-1/event-five-4rc7nd859]
[reed-chicory-2fpn.squarespace.com/events-1.html]
[reed-chicory-2fpn.squarespace.com/faq.html]
[static1.squarespace.com/static/versioned-site-css/618c27607b5c9c3d625a6332/3/5c5a519771c10ba3470d8101/618c27617b5c9c3d625a633f/1194/site.css]
[images.squarespace-cdn.com/content/5ec321c2af33de48734cc929/1589847474936-QNZYY5VYCIQ8N39A6I3M/20140301_Trade-151_0124-copy43a3.jpg]
[reed-chicory-2fpn.squarespace.com/events/event-one-e4t46.html]
[images.squarespace-cdn.com/content/5ec321c2af33de48734cc929/1589847477383-MGD1HE072WBF6CROSR8T/20140301_Trade-151_0124-copy43a3.jpg]
[reed-chicory-2fpn.squarespace.com/events/event-two-pj5ah.html]
[images.squarespace-cdn.com/content/5ec321c2af33de48734cc929/1589847476295-TZFY0MH2ALINLBST2H7A/20140301_Trade-151_0124-copy43a3.jpg]
[reed-chicory-2fpn.squarespace.com/events/event-three-6gxj6.html]
[images.squarespace-cdn.com/content/5ec321c2af33de48734cc929/1589847474361-3TW616VP054TC25CQ0J0/20140301_Trade-151_0124-copy43a3.jpg]
[reed-chicory-2fpn.squarespace.com/events/event-four-ja94g.html]
[images.squarespace-cdn.com/content/5ec321c2af33de48734cc929/1589847475653-RB7EBQ21R6A7RK494ZK6/20140301_Trade-151_0124-copy43a3.jpg]
[reed-chicory-2fpn.squarespace.com/events/event-five-a26bn.html]
[static1.squarespace.com/static/versioned-site-css/618c27607b5c9c3d625a6332/3/5c5a519771c10ba3470d8101/618c27617b5c9c3d625a633f/1192/site.css]
[reed-chicory-2fpn.squarespace.com/Charting the Life Course is a tool to assist you in creating a vision for the future. It is designed to help you think about the questions to ask as well as the choices a]
[reed-chicory-2fpn.squarespace.com/events-1/event-one-mzh3t.html]
[reed-chicory-2fpn.squarespace.com/events-1/event-two-hlbmd.html]
[reed-chicory-2fpn.squarespace.com/events-1/event-three-4e7bj.html]
[reed-chicory-2fpn.squarespace.com/events-1/event-four-g9kyn.html]
[reed-chicory-2fpn.squarespace.com/events-1/event-five-4rc7n.html]
